> Task :app:preBuild UP-TO-DATE
> Task :app:preDebugBuild UP-TO-DATE
> Task :app:mergeDebugNativeDebugMetadata NO-SOURCE
> Task :app:checkKotlinGradlePluginConfigurationErrors SKIPPED
> Task :common:preBuild UP-TO-DATE
> Task :common:preDebugBuild UP-TO-DATE
> Task :common:writeDebugAarMetadata UP-TO-DATE
> Task :app:checkDebugAarMetadata UP-TO-DATE
> Task :common:processDebugNavigationResources UP-TO-DATE
> Task :app:processDebugNavigationResources UP-TO-DATE
> Task :app:compileDebugNavigationResources UP-TO-DATE
> Task :app:generateDebugResValues UP-TO-DATE
> Task :common:generateDebugResValues UP-TO-DATE
> Task :common:generateDebugResources UP-TO-DATE
> Task :common:packageDebugResources UP-TO-DATE
> Task :app:mapDebugSourceSetPaths UP-TO-DATE
> Task :app:generateDebugResources UP-TO-DATE
> Task :app:mergeDebugResources UP-TO-DATE
> Task :app:packageDebugResources UP-TO-DATE
> Task :app:parseDebugLocalResources UP-TO-DATE
> Task :app:createDebugCompatibleScreenManifests UP-TO-DATE
> Task :app:extractDeepLinksDebug UP-TO-DATE
> Task :common:extractDeepLinksDebug UP-TO-DATE
> Task :common:processDebugManifest UP-TO-DATE
> Task :app:processDebugMainManifest UP-TO-DATE
> Task :app:processDebugManifest UP-TO-DATE
> Task :app:processDebugManifestForPackage UP-TO-DATE
> Task :common:compileDebugLibraryResources UP-TO-DATE
> Task :common:parseDebugLocalResources UP-TO-DATE
> Task :common:generateDebugRFile UP-TO-DATE
> Task :app:processDebugResources UP-TO-DATE
> Task :common:checkKotlinGradlePluginConfigurationErrors SKIPPED
> Task :common:compileDebugKotlin UP-TO-DATE
> Task :common:javaPreCompileDebug UP-TO-DATE
> Task :common:compileDebugJavaWithJavac NO-SOURCE
> Task :common:bundleLibCompileToJarDebug UP-TO-DATE
> Task :app:javaPreCompileDebug UP-TO-DATE
> Task :app:mergeDebugShaders UP-TO-DATE
> Task :app:compileDebugShaders NO-SOURCE
> Task :app:generateDebugAssets UP-TO-DATE
> Task :common:mergeDebugShaders UP-TO-DATE
> Task :common:compileDebugShaders NO-SOURCE
> Task :common:generateDebugAssets UP-TO-DATE
> Task :common:mergeDebugAssets UP-TO-DATE
> Task :app:mergeDebugAssets UP-TO-DATE
> Task :app:compressDebugAssets UP-TO-DATE
> Task :common:processDebugJavaRes UP-TO-DATE
> Task :app:checkDebugDuplicateClasses UP-TO-DATE
> Task :app:desugarDebugFileDependencies UP-TO-DATE
> Task :app:mergeExtDexDebug UP-TO-DATE
> Task :common:bundleLibRuntimeToDirDebug UP-TO-DATE
> Task :app:mergeDebugJniLibFolders UP-TO-DATE
> Task :common:mergeDebugJniLibFolders UP-TO-DATE
> Task :app:mergeLibDexDebug UP-TO-DATE
> Task :common:mergeDebugNativeLibs NO-SOURCE
> Task :common:copyDebugJniLibsProjectOnly UP-TO-DATE
> Task :app:mergeDebugNativeLibs UP-TO-DATE
> Task :app:stripDebugDebugSymbols UP-TO-DATE
> Task :app:validateSigningDebug UP-TO-DATE
> Task :app:writeDebugAppMetadata UP-TO-DATE
> Task :app:writeDebugSigningConfigVersions UP-TO-DATE
> Task :common:checkDebugAarMetadata UP-TO-DATE
> Task :common:stripDebugDebugSymbols NO-SOURCE
> Task :common:copyDebugJniLibsProjectAndLocalJars UP-TO-DATE
> Task :common:extractDebugAnnotations UP-TO-DATE
> Task :common:extractDeepLinksForAarDebug UP-TO-DATE
> Task :common:mergeDebugGeneratedProguardFiles UP-TO-DATE
> Task :common:mergeDebugConsumerProguardFiles UP-TO-DATE
> Task :common:prepareDebugArtProfile UP-TO-DATE
> Task :common:prepareLintJarForPublish UP-TO-DATE
> Task :common:mergeDebugJavaResource UP-TO-DATE
> Task :common:syncDebugLibJars UP-TO-DATE
> Task :common:bundleDebugAar UP-TO-DATE
> Task :common:assembleDebug UP-TO-DATE
> Task :wear:preBuild UP-TO-DATE
> Task :wear:preDebugBuild UP-TO-DATE
> Task :wear:mergeDebugNativeDebugMetadata NO-SOURCE
> Task :wear:checkKotlinGradlePluginConfigurationErrors SKIPPED
> Task :wear:checkDebugAarMetadata UP-TO-DATE
> Task :wear:processDebugNavigationResources UP-TO-DATE
> Task :wear:compileDebugNavigationResources UP-TO-DATE
> Task :wear:generateDebugResValues UP-TO-DATE
> Task :wear:mapDebugSourceSetPaths UP-TO-DATE
> Task :wear:generateDebugResources UP-TO-DATE
> Task :wear:mergeDebugResources UP-TO-DATE
> Task :wear:packageDebugResources UP-TO-DATE
> Task :wear:parseDebugLocalResources UP-TO-DATE
> Task :wear:createDebugCompatibleScreenManifests UP-TO-DATE
> Task :wear:extractDeepLinksDebug UP-TO-DATE
> Task :wear:processDebugMainManifest UP-TO-DATE
> Task :wear:processDebugManifest UP-TO-DATE
> Task :wear:processDebugManifestForPackage UP-TO-DATE
> Task :wear:processDebugResources UP-TO-DATE
> Task :wear:compileDebugKotlin UP-TO-DATE
> Task :wear:javaPreCompileDebug UP-TO-DATE
> Task :wear:compileDebugJavaWithJavac NO-SOURCE
> Task :wear:mergeDebugShaders UP-TO-DATE
> Task :wear:compileDebugShaders NO-SOURCE
> Task :wear:generateDebugAssets UP-TO-DATE
> Task :wear:mergeDebugAssets UP-TO-DATE
> Task :wear:compressDebugAssets UP-TO-DATE
> Task :wear:processDebugJavaRes UP-TO-DATE
> Task :wear:mergeDebugJavaResource UP-TO-DATE
> Task :wear:checkDebugDuplicateClasses UP-TO-DATE
> Task :wear:desugarDebugFileDependencies UP-TO-DATE
> Task :wear:mergeExtDexDebug UP-TO-DATE
> Task :wear:mergeLibDexDebug UP-TO-DATE
> Task :app:kspDebugKotlin
> Task :wear:dexBuilderDebug
> Task :wear:mergeDebugJniLibFolders UP-TO-DATE
> Task :wear:mergeDebugNativeLibs UP-TO-DATE
> Task :wear:stripDebugDebugSymbols UP-TO-DATE
> Task :wear:validateSigningDebug UP-TO-DATE
> Task :wear:writeDebugAppMetadata UP-TO-DATE
> Task :wear:writeDebugSigningConfigVersions UP-TO-DATE
> Task :wear:mergeProjectDexDebug
> Task :app:compileDebugKotlin
> Task :wear:packageDebug
> Task :app:compileDebugJavaWithJavac UP-TO-DATE
> Task :app:processDebugJavaRes UP-TO-DATE
> Task :app:mergeDebugJavaResource UP-TO-DATE
> Task :app:dexBuilderDebug
> Task :wear:createDebugApkListingFileRedirect
> Task :wear:assembleDebug
> Task :app:mergeProjectDexDebug
> Task :app:packageDebug
> Task :app:createDebugApkListingFileRedirect UP-TO-DATE
> Task :app:assembleDebug

BUILD SUCCESSFUL in 12s
104 actionable tasks: 9 executed, 95 up-to-date
